C:/Users/surya/Documents/workspace/andrew/june2024/STM32CubeWL/Projects/NUCLEO-WL55JC/Applications/LoRaWAN/LoRaWAN_End_Node/Core/Src/rtc.c:30:6:MX_RTC_Init	56	static
C:/Users/surya/Documents/workspace/andrew/june2024/STM32CubeWL/Projects/NUCLEO-WL55JC/Applications/LoRaWAN/LoRaWAN_End_Node/Core/Src/rtc.c:86:6:HAL_RTC_MspInit	72	static
C:/Users/surya/Documents/workspace/andrew/june2024/STM32CubeWL/Projects/NUCLEO-WL55JC/Applications/LoRaWAN/LoRaWAN_End_Node/Core/Src/rtc.c:121:6:HAL_RTC_MspDeInit	8	static
