C:/Users/surya/Documents/workspace/andrew/june2024/STM32CubeWL/Projects/NUCLEO-WL55JC/Applications/LoRaWAN/LoRaWAN_End_Node/Core/Src/usart.c:32:6:MX_USART2_UART_Init	8	static
C:/Users/surya/Documents/workspace/andrew/june2024/STM32CubeWL/Projects/NUCLEO-WL55JC/Applications/LoRaWAN/LoRaWAN_End_Node/Core/Src/usart.c:75:6:HAL_UART_MspInit	104	static
C:/Users/surya/Documents/workspace/andrew/june2024/STM32CubeWL/Projects/NUCLEO-WL55JC/Applications/LoRaWAN/LoRaWAN_End_Node/Core/Src/usart.c:142:6:HAL_UART_MspDeInit	8	static
