C:/Users/surya/Documents/workspace/andrew/june2024/STM32CubeWL/Middlewares/Third_Party/LoRaWAN/LmHandler/Packages/LmhpCompliance.c:751:13:LmhpComplianceIsInitialized	0	static
C:/Users/surya/Documents/workspace/andrew/june2024/STM32CubeWL/Middlewares/Third_Party/LoRaWAN/LmHandler/Packages/LmhpCompliance.c:756:13:LmhpComplianceIsTxPending	0	static
C:/Users/surya/Documents/workspace/andrew/june2024/STM32CubeWL/Middlewares/Third_Party/LoRaWAN/LmHandler/Packages/LmhpCompliance.c:1062:13:LmhpComplianceOnMlmeConfirm	0	static
C:/Users/surya/Documents/workspace/andrew/june2024/STM32CubeWL/Middlewares/Third_Party/LoRaWAN/LmHandler/Packages/LmhpCompliance.c:1086:13:LmhpComplianceOnMlmeIndication	0	static
C:/Users/surya/Documents/workspace/andrew/june2024/STM32CubeWL/Middlewares/Third_Party/LoRaWAN/LmHandler/Packages/LmhpCompliance.c:1165:13:OnProcessTimer	8	static
C:/Users/surya/Documents/workspace/andrew/june2024/STM32CubeWL/Middlewares/Third_Party/LoRaWAN/LmHandler/Packages/LmhpCompliance.c:818:13:LmhpComplianceOnMcpsIndication	104	static
C:/Users/surya/Documents/workspace/andrew/june2024/STM32CubeWL/Middlewares/Third_Party/LoRaWAN/LmHandler/Packages/LmhpCompliance.c:761:13:LmhpComplianceProcess	24	static
C:/Users/surya/Documents/workspace/andrew/june2024/STM32CubeWL/Middlewares/Third_Party/LoRaWAN/LmHandler/Packages/LmhpCompliance.c:728:13:LmhpComplianceInit	24	static
C:/Users/surya/Documents/workspace/andrew/june2024/STM32CubeWL/Middlewares/Third_Party/LoRaWAN/LmHandler/Packages/LmhpCompliance.c:723:15:LmhpCompliancePackageFactory	0	static
