C:/Users/surya/Documents/workspace/andrew/june2024/STM32CubeWL/Projects/NUCLEO-WL55JC/Applications/LoRaWAN/LoRaWAN_End_Node/LoRaWAN/App/lora_app.c:792:13:OnSysTimeUpdate	0	static
C:/Users/surya/Documents/workspace/andrew/june2024/STM32CubeWL/Projects/NUCLEO-WL55JC/Applications/LoRaWAN/LoRaWAN_End_Node/LoRaWAN/App/lora_app.c:840:13:OnTxFrameCtrlChanged	0	static
C:/Users/surya/Documents/workspace/andrew/june2024/STM32CubeWL/Projects/NUCLEO-WL55JC/Applications/LoRaWAN/LoRaWAN_End_Node/LoRaWAN/App/lora_app.c:851:13:OnPingSlotPeriodicityChanged	0	static
C:/Users/surya/Documents/workspace/andrew/june2024/STM32CubeWL/Projects/NUCLEO-WL55JC/Applications/LoRaWAN/LoRaWAN_End_Node/LoRaWAN/App/lora_app.c:757:13:OnBeaconStatusChange	64	static
C:/Users/surya/Documents/workspace/andrew/june2024/STM32CubeWL/Projects/NUCLEO-WL55JC/Applications/LoRaWAN/LoRaWAN_End_Node/LoRaWAN/App/lora_app.c:799:13:OnClassChange	8	static
C:/Users/surya/Documents/workspace/andrew/june2024/STM32CubeWL/Projects/NUCLEO-WL55JC/Applications/LoRaWAN/LoRaWAN_End_Node/LoRaWAN/App/lora_app.c:951:13:OnNvmDataChange	8	static
C:/Users/surya/Documents/workspace/andrew/june2024/STM32CubeWL/Projects/NUCLEO-WL55JC/Applications/LoRaWAN/LoRaWAN_End_Node/LoRaWAN/App/lora_app.c:666:13:OnTxTimerEvent	8	static
C:/Users/surya/Documents/workspace/andrew/june2024/STM32CubeWL/Projects/NUCLEO-WL55JC/Applications/LoRaWAN/LoRaWAN_End_Node/LoRaWAN/App/lora_app.c:806:13:OnMacProcessNotify	8	static
C:/Users/surya/Documents/workspace/andrew/june2024/STM32CubeWL/Projects/NUCLEO-WL55JC/Applications/LoRaWAN/LoRaWAN_End_Node/LoRaWAN/App/lora_app.c:862:13:OnSystemReset	8	static,ignoring_inline_asm
C:/Users/surya/Documents/workspace/andrew/june2024/STM32CubeWL/Projects/NUCLEO-WL55JC/Applications/LoRaWAN/LoRaWAN_End_Node/LoRaWAN/App/lora_app.c:818:13:OnTxPeriodicityChanged	8	static
C:/Users/surya/Documents/workspace/andrew/june2024/STM32CubeWL/Projects/NUCLEO-WL55JC/Applications/LoRaWAN/LoRaWAN_End_Node/LoRaWAN/App/lora_app.c:698:13:OnTxData	16	static
C:/Users/surya/Documents/workspace/andrew/june2024/STM32CubeWL/Projects/NUCLEO-WL55JC/Applications/LoRaWAN/LoRaWAN_End_Node/LoRaWAN/App/lora_app.c:727:13:OnJoinRequest	8	static
C:/Users/surya/Documents/workspace/andrew/june2024/STM32CubeWL/Projects/NUCLEO-WL55JC/Applications/LoRaWAN/LoRaWAN_End_Node/LoRaWAN/App/lora_app.c:913:13:OnStopJoinTimerEvent	8	static
C:/Users/surya/Documents/workspace/andrew/june2024/STM32CubeWL/Projects/NUCLEO-WL55JC/Applications/LoRaWAN/LoRaWAN_End_Node/LoRaWAN/App/lora_app.c:686:13:OnRxTimerLedEvent	8	static
C:/Users/surya/Documents/workspace/andrew/june2024/STM32CubeWL/Projects/NUCLEO-WL55JC/Applications/LoRaWAN/LoRaWAN_End_Node/LoRaWAN/App/lora_app.c:681:13:OnTxTimerLedEvent	8	static
C:/Users/surya/Documents/workspace/andrew/june2024/STM32CubeWL/Projects/NUCLEO-WL55JC/Applications/LoRaWAN/LoRaWAN_End_Node/LoRaWAN/App/lora_app.c:472:13:OnRxData	32	static
C:/Users/surya/Documents/workspace/andrew/june2024/STM32CubeWL/Projects/NUCLEO-WL55JC/Applications/LoRaWAN/LoRaWAN_End_Node/LoRaWAN/App/lora_app.c:969:13:OnStoreContextRequest	16	static
C:/Users/surya/Documents/workspace/andrew/june2024/STM32CubeWL/Projects/NUCLEO-WL55JC/Applications/LoRaWAN/LoRaWAN_End_Node/LoRaWAN/App/lora_app.c:984:13:OnRestoreContextRequest	8	static
C:/Users/surya/Documents/workspace/andrew/june2024/STM32CubeWL/Projects/NUCLEO-WL55JC/Applications/LoRaWAN/LoRaWAN_End_Node/LoRaWAN/App/lora_app.c:876:13:StopJoin	16	static
C:/Users/surya/Documents/workspace/andrew/june2024/STM32CubeWL/Projects/NUCLEO-WL55JC/Applications/LoRaWAN/LoRaWAN_End_Node/LoRaWAN/App/lora_app.c:929:13:StoreContext	8	static
C:/Users/surya/Documents/workspace/andrew/june2024/STM32CubeWL/Projects/NUCLEO-WL55JC/Applications/LoRaWAN/LoRaWAN_End_Node/LoRaWAN/App/lora_app.c:552:13:SendTxData	48	static
C:/Users/surya/Documents/workspace/andrew/june2024/STM32CubeWL/Projects/NUCLEO-WL55JC/Applications/LoRaWAN/LoRaWAN_End_Node/LoRaWAN/App/lora_app.c:691:13:OnJoinTimerLedEvent	8	static
C:/Users/surya/Documents/workspace/andrew/june2024/STM32CubeWL/Projects/NUCLEO-WL55JC/Applications/LoRaWAN/LoRaWAN_End_Node/LoRaWAN/App/lora_app.c:348:6:LoRaWAN_Init	32	static
C:/Users/surya/Documents/workspace/andrew/june2024/STM32CubeWL/Projects/NUCLEO-WL55JC/Applications/LoRaWAN/LoRaWAN_End_Node/LoRaWAN/App/lora_app.c:443:6:HAL_GPIO_EXTI_Callback	8	static
